// Jest Snapshot v1, https://goo.gl/fbAQLP

exports[`renders a snapshot of tableColumns data 1`] = `
Array [
  Object {
    "dataIndex": "affiliate_name",
    "render": [Function],
    "title": "Affiliate",
  },
  Object {
    "dataIndex": "product_name",
    "title": "Product",
  },
  Object {
    "dataIndex": "product_type_id",
    "render": [Function],
    "title": "Product Type",
  },
  Object {
    "dataIndex": "date_created",
    "render": [Function],
    "sortDirections": Array [
      "descend",
      "ascend",
      "descend",
    ],
    "sorter": [Function],
    "title": "Request Date",
  },
  Object {
    "dataIndex": "number_of_sales",
    "render": [Function],
    "sortDirections": Array [
      "descend",
      "ascend",
      "descend",
    ],
    "sorter": [Function],
    "title": "No of Sales",
  },
  Object {
    "dataIndex": "notes",
    "render": [Function],
    "title": "Notes",
  },
  Object {
    "dataIndex": "status",
    "render": [Function],
    "title": "Status",
  },
  Object {
    "dataIndex": "",
    "render": [Function],
    "title": "Request Action",
    "width": "140px",
  },
]
`;
