// Jest Snapshot v1, https://goo.gl/fbAQLP

exports[`renders a snapshot of <NotificationsDropdown /> 1`] = `
<span
  className="ant-badge ant-badge-status ant-dropdown-trigger badge"
  onClick={[Function]}
  onMouseDown={[Function]}
  onMouseEnter={[Function]}
  onMouseLeave={[Function]}
  onTouchStart={[Function]}
>
  <button
    className="ant-btn ant-btn-text ant-btn-circle ant-btn-icon-only"
    onClick={[Function]}
    type="button"
  >
    <svg
      fill="none"
      height="23"
      viewBox="0 0 19 23"
      width="19"
      xmlns="http://www.w3.org/2000/svg"
    >
      <path
        d="M9.47369 0.90918C4.98901 0.90918 1.35343 4.54476 1.35343 9.02949V13.8825L0.396434 14.8394C0.00936597 15.2265 -0.106416 15.8086 0.103061 16.3143C0.312538 16.8201 0.806036 17.1498 1.35343 17.1498H17.594C18.1414 17.1498 18.6349 16.8201 18.8444 16.3143C19.0539 15.8086 18.938 15.2265 18.551 14.8394L17.594 13.8825V9.02949C17.594 4.54476 13.9584 0.90918 9.47369 0.90918Z"
        fill="#BFBFBF"
      />
      <path
        d="M9.47226 22.5641C7.22991 22.5641 5.41211 20.7463 5.41211 18.5039H13.5324C13.5324 20.7463 11.7147 22.5641 9.47226 22.5641Z"
        fill="#BFBFBF"
      />
    </svg>
  </button>
</span>
`;
