// Jest Snapshot v1, https://goo.gl/fbAQLP

exports[`WalletHistoryMobileView :  renders a snapshot of <WalletHistoryMobileView /> when no payouts is supplied  1`] = `
<div
  className="no__data"
>
  <img
    src="[jest.find('../utils')]"
  />
  <p>
    No record yet
  </p>
</div>
`;

exports[`WalletHistoryMobileView :  renders a snapshot of <WalletHistoryMobileView /> when payouts data is supplied  1`] = `
<ul
  className="histories"
>
  <li
    className="history"
  >
    <div
      className="history__header"
    >
      <span
        className="tag orange"
      >
        Pending
      </span>
      <div
        className="history__withdrawal-date"
      >
        <span>
          Withdrawal Date
        </span>
        <p>
          undefined NaN NaN · NaN:NaN AM
        </p>
      </div>
    </div>
    <ol>
      <li
        className="history__detail"
      >
        <strong>
          Amount Withdrawn
        </strong>
        <span>
          NGN
           
          1000
        </span>
      </li>
      <li
        className="history__detail"
      >
        <strong>
          Description
        </strong>
        <span>
          UBA
           
          (*******9393)
        </span>
      </li>
    </ol>
  </li>
  <li
    className="history"
  >
    <div
      className="history__header"
    >
      <span
        className="tag green"
      >
        Successful
      </span>
      <div
        className="history__withdrawal-date"
      >
        <span>
          Withdrawal Date
        </span>
        <p>
          undefined NaN NaN · NaN:NaN AM
        </p>
      </div>
    </div>
    <ol>
      <li
        className="history__detail"
      >
        <strong>
          Amount Withdrawn
        </strong>
        <span>
          USD
           
          1000
        </span>
      </li>
      <li
        className="history__detail"
      >
        <strong>
          Description
        </strong>
        <span>
          BANK OF AMERICA
           
          (*******9393)
        </span>
      </li>
    </ol>
  </li>
  <li
    className="history"
  >
    <div
      className="history__header"
    >
      <span
        className="tag red"
      >
        Failed
      </span>
      <div
        className="history__withdrawal-date"
      >
        <span>
          Withdrawal Date
        </span>
        <p>
          Oct 12 2022 · 0:00 AM
        </p>
      </div>
    </div>
    <ol>
      <li
        className="history__detail"
      >
        <strong>
          Amount Withdrawn
        </strong>
        <span>
          GBP
           
          1000
        </span>
      </li>
      <li
        className="history__detail"
      >
        <strong>
          Description
        </strong>
        <span>
          UBA
           
          (*******9393)
        </span>
      </li>
    </ol>
  </li>
</ul>
`;
