// Jest Snapshot v1, https://goo.gl/fbAQLP

exports[`renders a snapshot of <AdminForgotPasswordForm/> 1`] = `
<div
  className="body"
>
  <form
    autoComplete="off"
    className="container"
    onSubmit={[Function]}
  >
    <div
      className="undefined inputContainer"
    >
      <label
        className="label undefined"
        htmlFor="username"
      >
        Email or Phone number
      </label>
      <input
        className="undefined false false input"
        name="username"
        onChange={[Function]}
        placeholder="Enter your Email or Phone number"
      />
    </div>
    <button
      className="
			undefined
			button
			false 
			false
			primaryBlue
			"
      type="submit"
    >
      <div
        className="buttonValue"
      >
        Reset password
      </div>
    </button>
  </form>
  <div
    className="footer"
  >
    Already have an account?
     
    <a
      href="/admin/theaccess"
      onClick={[Function]}
      onMouseEnter={[Function]}
    >
      Login here
    </a>
     
  </div>
</div>
`;
