// Jest Snapshot v1, https://goo.gl/fbAQLP

exports[`renders a snapshot of <GoogleLoginComponent /> 1`] = `
<button
  disabled={true}
  onClick={[Function]}
>
  <img
    src="[jest.find('../utils')]"
  />
</button>
`;
