// Jest Snapshot v1, https://goo.gl/fbAQLP

exports[`renders a snapshot of <FormError /> 1`] = `
<div
  className="error"
>
  <p>
    isRequired
  </p>
</div>
`;
