// Jest Snapshot v1, https://goo.gl/fbAQLP

exports[`renders a snapshot of <Request /> 1`] = `
<div
  className="form__wrapper"
>
  <form
    className="ant-form ant-form-vertical ant-form-large"
    onReset={[Function]}
    onSubmit={[Function]}
  >
    <div
      className="ant-row ant-form-item"
      style={Object {}}
    >
      <div
        className="ant-col ant-form-item-label"
        style={Object {}}
      >
        <label
          className=""
          htmlFor="permission"
          title="Request Permission"
        >
          Request Permission
        </label>
      </div>
      <div
        className="ant-col ant-form-item-control"
        style={Object {}}
      >
        <div
          className="ant-form-item-control-input"
        >
          <div
            className="ant-form-item-control-input-content"
          >
            <textarea
              className="ant-input ant-input-lg"
              id="permission"
              onChange={[Function]}
              onCompositionEnd={[Function]}
              onCompositionStart={[Function]}
              onKeyDown={[Function]}
              placeholder="Fill out how you want to promote this product"
              rows={5}
              style={Object {}}
              value=""
            />
          </div>
        </div>
      </div>
    </div>
    <div
      className="text"
    >
      <p>
        <span
          className="ant-typography"
          onClick={null}
          style={
            Object {
              "WebkitLineClamp": undefined,
            }
          }
        >
          Almost there, Click the next button to continue
        </span>
      </p>
    </div>
    <div
      className="ant-row ant-form-item"
      style={Object {}}
    >
      <div
        className="ant-col ant-form-item-control"
        style={Object {}}
      >
        <div
          className="ant-form-item-control-input"
        >
          <div
            className="ant-form-item-control-input-content"
          >
            <button
              className="ant-btn ant-btn-primary ant-btn-lg submit__btn"
              onClick={[Function]}
              type="submit"
            >
              <span>
                Request Approval
              </span>
            </button>
          </div>
        </div>
      </div>
    </div>
  </form>
</div>
`;
