// Jest Snapshot v1, https://goo.gl/fbAQLP

exports[`AddSection:  renders a snapshot of AddSection  1`] = `
<div
  className="allSection"
>
  <div
    className="section"
  >
    <div
      className="flex justify-between items-center"
    >
      <div
        className=""
      >
        <h2
          className="text-base font-medium cursor-pointer"
          onClick={[Function]}
        >
          Section Name
        </h2>
        <input
          autoFocus={true}
          className="ant-input"
          onBlur={[Function]}
          onChange={[Function]}
          onFocus={[Function]}
          onKeyDown={[Function]}
          placeholder="Introduction"
          style={
            Object {
              "display": "none",
            }
          }
          type="text"
          value=""
        />
      </div>
      <div
        className="flex items-center"
      >
        <div
          className="manageButton mr-3"
        >
          <button
            className="ant-btn ant-btn-primary"
            onClick={[Function]}
            style={
              Object {
                "border": " 2px solid #0072ef",
                "color": "#0072ef",
              }
            }
            type="button"
          >
            <span>
              Manage Section
            </span>
          </button>
        </div>
        <div
          className="manageIcon mr-3"
          onMouseEnter={[Function]}
          onMouseLeave={[Function]}
        >
          <img
            src="[jest.find('../utils')]"
          />
        </div>
        <div
          className="manageIcon"
          onClick={[Function]}
          onMouseEnter={[Function]}
          onMouseLeave={[Function]}
        >
          <img
            src="[jest.find('../utils')]"
          />
        </div>
      </div>
    </div>
    <div
      className="flex mt-5 ml-5 justify-between items-center"
    >
      <div
        className=""
      >
        <h2
          className="text-base font-medium cursor-pointer"
          onClick={[Function]}
        >
          Lecture Name
        </h2>
        <input
          autoFocus={true}
          className="ant-input"
          onBlur={[Function]}
          onChange={[Function]}
          onFocus={[Function]}
          onKeyDown={[Function]}
          placeholder="Brief"
          style={
            Object {
              "display": "none",
            }
          }
          type="text"
          value=""
        />
      </div>
      <div
        className="flex items-center"
      >
        <div
          className="manageButton mr-3"
        >
          <button
            className="ant-btn ant-btn-primary"
            onClick={[Function]}
            style={
              Object {
                "border": " 2px solid #00b140",
                "color": "#00b140",
              }
            }
            type="button"
          >
            <span>
              Manage Lecture
            </span>
          </button>
        </div>
        <div
          className="manageIcon mr-3"
          onMouseEnter={[Function]}
          onMouseLeave={[Function]}
        >
          <img
            src="[jest.find('../utils')]"
          />
        </div>
        <div
          className="manageIcon"
          onClick={[Function]}
          onMouseEnter={[Function]}
          onMouseLeave={[Function]}
        >
          <img
            src="[jest.find('../utils')]"
          />
        </div>
      </div>
    </div>
    <div
      className="flex mt-5"
    >
      <h2
        className="text-base font-medium cursor-pointer"
        onClick={[Function]}
      >
        Add a Lecture
      </h2>
    </div>
  </div>
  <div
    className="miniSaveButton mt-5"
  >
    <button
      className="ant-btn ant-btn-primary"
      onClick={[Function]}
      type="button"
    >
      <span>
        + Add New Section
      </span>
    </button>
  </div>
</div>
`;

exports[`renders a snapshot of AddSection  1`] = `
<div
  className="allSection"
>
  <div
    className="section"
  >
    <div
      className="flex justify-between items-center"
    >
      <div
        className=""
      >
        <h2
          className="text-base font-medium cursor-pointer"
          onClick={[Function]}
        >
          Section Name
        </h2>
        <input
          autoFocus={true}
          className="ant-input"
          onBlur={[Function]}
          onChange={[Function]}
          onFocus={[Function]}
          onKeyDown={[Function]}
          placeholder="Introduction"
          style={
            Object {
              "display": "none",
            }
          }
          type="text"
          value=""
        />
      </div>
      <div
        className="flex items-center"
      >
        <div
          className="manageButton mr-3"
        >
          <button
            className="ant-btn ant-btn-primary"
            onClick={[Function]}
            style={
              Object {
                "border": " 2px solid #0072ef",
                "color": "#0072ef",
              }
            }
            type="button"
          >
            <span>
              Manage Section
            </span>
          </button>
        </div>
        <div
          className="manageIcon mr-3"
          onMouseEnter={[Function]}
          onMouseLeave={[Function]}
        >
          <img
            src="[jest.find('../utils')]"
          />
        </div>
        <div
          className="manageIcon"
          onClick={[Function]}
          onMouseEnter={[Function]}
          onMouseLeave={[Function]}
        >
          <img
            src="[jest.find('../utils')]"
          />
        </div>
      </div>
    </div>
    <div
      className="flex mt-5 ml-5 justify-between items-center"
    >
      <div
        className=""
      >
        <h2
          className="text-base font-medium cursor-pointer"
          onClick={[Function]}
        >
          Lecture Name
        </h2>
        <input
          autoFocus={true}
          className="ant-input"
          onBlur={[Function]}
          onChange={[Function]}
          onFocus={[Function]}
          onKeyDown={[Function]}
          placeholder="Brief"
          style={
            Object {
              "display": "none",
            }
          }
          type="text"
          value=""
        />
      </div>
      <div
        className="flex items-center"
      >
        <div
          className="manageButton mr-3"
        >
          <button
            className="ant-btn ant-btn-primary"
            onClick={[Function]}
            style={
              Object {
                "border": " 2px solid #00b140",
                "color": "#00b140",
              }
            }
            type="button"
          >
            <span>
              Manage Lecture
            </span>
          </button>
        </div>
        <div
          className="manageIcon mr-3"
          onMouseEnter={[Function]}
          onMouseLeave={[Function]}
        >
          <img
            src="[jest.find('../utils')]"
          />
        </div>
        <div
          className="manageIcon"
          onClick={[Function]}
          onMouseEnter={[Function]}
          onMouseLeave={[Function]}
        >
          <img
            src="[jest.find('../utils')]"
          />
        </div>
      </div>
    </div>
    <div
      className="flex mt-5"
    >
      <h2
        className="text-base font-medium cursor-pointer"
        onClick={[Function]}
      >
        Add a Lecture
      </h2>
    </div>
  </div>
  <div
    className="miniSaveButton mt-5"
  >
    <button
      className="ant-btn ant-btn-primary"
      onClick={[Function]}
      type="button"
    >
      <span>
        + Add New Section
      </span>
    </button>
  </div>
</div>
`;
