// Jest Snapshot v1, https://goo.gl/fbAQLP

exports[`renders a snapshot of the requestsColumns 1`] = `
Array [
  Object {
    "dataIndex": "product_name",
    "title": "Product",
  },
  Object {
    "dataIndex": "product_type",
    "render": [Function],
    "title": "Product Type",
  },
  Object {
    "dataIndex": "date_created",
    "render": [Function],
    "sortDirections": Array [
      "descend",
      "ascend",
      "descend",
    ],
    "sorter": [Function],
    "title": "Launch Date",
  },
  Object {
    "dataIndex": "sales_price",
    "render": [Function],
    "title": "Sales Price",
  },
  Object {
    "dataIndex": "performance",
    "render": [Function],
    "title": "Performance",
  },
  Object {
    "dataIndex": "commission",
    "render": [Function],
    "title": "Commission (%)",
  },
  Object {
    "dataIndex": "status",
    "render": [Function],
    "title": "Request Status",
  },
  Object {
    "render": [Function],
    "title": "Actions",
  },
]
`;
