// Jest Snapshot v1, https://goo.gl/fbAQLP

exports[`renders a snapshot of <Spinner /> 1`] = `
<div
  className="spinnerWrapper"
>
  <div
    className="spinner"
  />
</div>
`;
