// Jest Snapshot v1, https://goo.gl/fbAQLP

exports[`renders a snapshot of <AbandonedCartsForm /> 1`] = `
<form
  className="ant-form ant-form-vertical ant-form-large form"
  id="abandoned_carts_form"
  onReset={[Function]}
  onSubmit={[Function]}
>
  <div
    className="ant-row ant-form-item"
    style={Object {}}
  >
    <div
      className="ant-col ant-form-item-label"
      style={Object {}}
    >
      <label
        className=""
        htmlFor="abandoned_carts_form_admin_title"
        title="Admin Title"
      >
        Admin Title
      </label>
    </div>
    <div
      className="ant-col ant-form-item-control"
      style={Object {}}
    >
      <div
        className="ant-form-item-control-input"
      >
        <div
          className="ant-form-item-control-input-content"
        >
          <input
            className="ant-input ant-input-lg"
            id="abandoned_carts_form_admin_title"
            name="admin_title"
            onBlur={[Function]}
            onChange={[Function]}
            onFocus={[Function]}
            onKeyDown={[Function]}
            placeholder="kreatesell"
            type="text"
            value="This is the admin title"
          />
        </div>
      </div>
    </div>
  </div>
  <div
    className="form__switch"
  >
    <div>
      <label
        htmlFor="switch"
      >
        Enabled?
      </label>
    </div>
    <button
      aria-checked={true}
      className="ant-switch ant-switch-checked"
      id="switch"
      name="enable"
      onBlur={[Function]}
      onClick={[Function]}
      onKeyDown={[Function]}
      role="switch"
      type="button"
    >
      <div
        className="ant-switch-handle"
      />
      <span
        className="ant-switch-inner"
      />
    </button>
    <div>
      <span>
        Enabled
      </span>
    </div>
  </div>
  <div
    className="ant-row ant-form-item"
    style={Object {}}
  >
    <div
      className="ant-col ant-form-item-label"
      style={Object {}}
    >
      <label
        className=""
        htmlFor="abandoned_carts_form_when_to_send"
        title="When To Send"
      >
        When To Send
      </label>
    </div>
    <div
      className="ant-col ant-form-item-control"
      style={Object {}}
    >
      <div
        className="ant-form-item-control-input"
      >
        <div
          className="ant-form-item-control-input-content"
        >
          <div
            className="ant-select ant-select-lg ant-select-single ant-select-show-arrow"
            onBlur={[Function]}
            onFocus={[Function]}
            onKeyDown={[Function]}
            onKeyUp={[Function]}
            onMouseDown={[Function]}
          >
            <div
              className="ant-select-selector"
              onClick={[Function]}
              onMouseDown={[Function]}
            >
              <span
                className="ant-select-selection-search"
              >
                <input
                  aria-activedescendant="abandoned_carts_form_when_to_send_list_0"
                  aria-autocomplete="list"
                  aria-controls="abandoned_carts_form_when_to_send_list"
                  aria-haspopup="listbox"
                  aria-owns="abandoned_carts_form_when_to_send_list"
                  autoComplete="off"
                  className="ant-select-selection-search-input"
                  id="abandoned_carts_form_when_to_send"
                  onChange={[Function]}
                  onCompositionEnd={[Function]}
                  onCompositionStart={[Function]}
                  onKeyDown={[Function]}
                  onMouseDown={[Function]}
                  onPaste={[Function]}
                  readOnly={true}
                  role="combobox"
                  style={
                    Object {
                      "opacity": 0,
                    }
                  }
                  type="search"
                  unselectable="on"
                  value=""
                />
              </span>
              <span
                className="ant-select-selection-item"
                title="1 week"
              >
                1 week
              </span>
            </div>
            <span
              aria-hidden={true}
              className="ant-select-arrow"
              onMouseDown={[Function]}
              style={
                Object {
                  "WebkitUserSelect": "none",
                  "userSelect": "none",
                }
              }
              unselectable="on"
            >
              <span
                aria-label="down"
                className="anticon anticon-down ant-select-suffix"
                role="img"
              >
                <svg
                  aria-hidden="true"
                  data-icon="down"
                  fill="currentColor"
                  focusable="false"
                  height="1em"
                  viewBox="64 64 896 896"
                  width="1em"
                >
                  <path
                    d="M884 256h-75c-5.1 0-9.9 2.5-12.9 6.6L512 654.2 227.9 262.6c-3-4.1-7.8-6.6-12.9-6.6h-75c-6.5 0-10.3 7.4-6.5 12.7l352.6 486.1c12.8 17.6 39 17.6 51.7 0l352.6-486.1c3.9-5.3.1-12.7-6.4-12.7z"
                  />
                </svg>
              </span>
            </span>
          </div>
        </div>
      </div>
    </div>
  </div>
  <div
    className="ant-row ant-form-item"
    style={Object {}}
  >
    <div
      className="ant-col ant-form-item-label"
      style={Object {}}
    >
      <label
        className=""
        htmlFor="abandoned_carts_form_email_subject_line"
        title="Email Subject Line"
      >
        Email Subject Line
      </label>
    </div>
    <div
      className="ant-col ant-form-item-control"
      style={Object {}}
    >
      <div
        className="ant-form-item-control-input"
      >
        <div
          className="ant-form-item-control-input-content"
        >
          <input
            className="ant-input ant-input-lg"
            id="abandoned_carts_form_email_subject_line"
            name="email_subject_line"
            onBlur={[Function]}
            onChange={[Function]}
            onFocus={[Function]}
            onKeyDown={[Function]}
            placeholder="kreatesell"
            type="text"
            value="This will be the subject line"
          />
        </div>
      </div>
    </div>
  </div>
  <div
    className="editorWrapper"
  >
    <div>
      <label
        onClick={[Function]}
        onMouseEnter={[Function]}
        onMouseLeave={[Function]}
      >
        Email Content
      </label>
      <a
        className="ant-typography"
        onClick={null}
        style={
          Object {
            "WebkitLineClamp": undefined,
          }
        }
      >
        Add Media
      </a>
    </div>
    <div
      className="editorContainer"
    >
      <div
        id="toolbar"
      >
        <select
          className="ql-header"
          defaultValue=""
          onChange={[Function]}
        >
          <option
            value="1"
          />
          <option
            value="2"
          />
          <option
            value="3"
          />
          <option
            value=""
          />
        </select>
        <button
          className="ql-bold"
        />
        <button
          className="ql-italic"
        />
        <button
          className="ql-underline"
        />
        <button
          className="ql-strike"
        />
        <select
          className="ql-align"
          defaultValue=""
          onChange={[Function]}
        >
          <option
            value=""
          />
          <option
            value="center"
          />
          <option
            value="right"
          />
        </select>
        <button
          className="ql-list"
          value="bullet"
        />
        <button
          className="ql-list"
          value="ordered"
        />
        <select
          className="ql-color"
          onChange={[Function]}
        />
        <button
          className="ql-link"
        />
        <button
          className="ql-image"
        />
        <button
          className="ql-video"
        />
      </div>
    </div>
  </div>
  <div
    className="email__tags__container"
  >
    <div
      className="email__tags__header"
    >
      <span
        className="ant-typography"
        onClick={null}
        style={
          Object {
            "WebkitLineClamp": undefined,
          }
        }
      >
        Email Tags
      </span>
      <button
        className="ant-btn ant-btn-lg"
        onClick={[Function]}
        type="button"
      >
        <span>
          Show TagsÂ  
        </span>
        <svg
          fill="currentColor"
          height="1em"
          stroke="currentColor"
          strokeWidth="0"
          style={
            Object {
              "color": undefined,
            }
          }
          viewBox="0 0 24 24"
          width="1em"
          xmlns="http://www.w3.org/2000/svg"
        >
          <path
            d="M0 0h24v24H0V0z"
            fill="none"
          />
          <path
            d="M8.59 16.59L13.17 12 8.59 7.41 10 6l6 6-6 6-1.41-1.41z"
          />
        </svg>
      </button>
    </div>
    <div
      className="email__tags"
    >
      <div
        className="email__tag"
      >
        <span
          className="ant-typography"
          onClick={null}
          style={
            Object {
              "WebkitLineClamp": undefined,
            }
          }
        >
          {First_Name}
        </span>
        <span
          className="ant-typography"
          onClick={null}
          style={
            Object {
              "WebkitLineClamp": undefined,
            }
          }
        >
          Curates the first names of your email list.
        </span>
      </div>
      <div
        className="email__tag"
      >
        <span
          className="ant-typography"
          onClick={null}
          style={
            Object {
              "WebkitLineClamp": undefined,
            }
          }
        >
          {Last_Name}
        </span>
        <span
          className="ant-typography"
          onClick={null}
          style={
            Object {
              "WebkitLineClamp": undefined,
            }
          }
        >
          Curates the last names of your email list.
        </span>
      </div>
      <div
        className="email__tag"
      >
        <span
          className="ant-typography"
          onClick={null}
          style={
            Object {
              "WebkitLineClamp": undefined,
            }
          }
        >
          {Product_Name}
        </span>
        <span
          className="ant-typography"
          onClick={null}
          style={
            Object {
              "WebkitLineClamp": undefined,
            }
          }
        >
          Choose the curated names of your digital products.
        </span>
      </div>
      <div
        className="email__tag"
      >
        <span
          className="ant-typography"
          onClick={null}
          style={
            Object {
              "WebkitLineClamp": undefined,
            }
          }
        >
          {Product_Price}
        </span>
        <span
          className="ant-typography"
          onClick={null}
          style={
            Object {
              "WebkitLineClamp": undefined,
            }
          }
        >
          Shows the price of your chosen digital product.
        </span>
      </div>
      <div
        className="email__tag"
      >
        <span
          className="ant-typography"
          onClick={null}
          style={
            Object {
              "WebkitLineClamp": undefined,
            }
          }
        >
          {Product_Button}
        </span>
        <span
          className="ant-typography"
          onClick={null}
          style={
            Object {
              "WebkitLineClamp": undefined,
            }
          }
        >
          Links the recipient to the digital product page.
        </span>
      </div>
      <div
        className="email__tag"
      >
        <span
          className="ant-typography"
          onClick={null}
          style={
            Object {
              "WebkitLineClamp": undefined,
            }
          }
        >
          {Checkout_Button}
        </span>
        <span
          className="ant-typography"
          onClick={null}
          style={
            Object {
              "WebkitLineClamp": undefined,
            }
          }
        >
          Links the recipient to the checkout page of the digital product.
        </span>
      </div>
      <div
        className="email__tag"
      >
        <span
          className="ant-typography"
          onClick={null}
          style={
            Object {
              "WebkitLineClamp": undefined,
            }
          }
        >
          {Checkout_Url}
        </span>
        <span
          className="ant-typography"
          onClick={null}
          style={
            Object {
              "WebkitLineClamp": undefined,
            }
          }
        >
          Show the link to the checkout page for the digital product.
        </span>
      </div>
    </div>
  </div>
  <div
    className="ant-row ant-form-item"
    style={Object {}}
  >
    <div
      className="ant-col ant-form-item-control"
      style={Object {}}
    >
      <div
        className="ant-form-item-control-input"
      >
        <div
          className="ant-form-item-control-input-content"
        >
          <button
            className="ant-btn ant-btn-primary ant-btn-lg"
            onClick={[Function]}
            type="submit"
          >
            <span>
              Save
            </span>
          </button>
        </div>
      </div>
    </div>
  </div>
</form>
`;
