// Jest Snapshot v1, https://goo.gl/fbAQLP

exports[`renders a snapshot of <ChargeBackCard /> with mock props 1`] = `
<div
  className="container"
>
  <div
    className="midSection"
  >
    <div
      className="cardContainer"
    >
      <div
        className="firstCard"
      >
        <div
          className="iconCont"
        >
          <div
            className="icon"
          >
            <img
              src="[jest.find('../utils')]"
            />
          </div>
          <div
            className="countCont"
          >
            <div
              className="value"
            >
              mockText
            </div>
            <div
              className="valueText"
            >
              Pending
            </div>
          </div>
        </div>
      </div>
      <div
        className="card"
      >
        <div
          className="iconCont"
        >
          <div
            className="icon"
          >
            <img
              src="[jest.find('../utils')]"
            />
          </div>
          <div
            className="countCont"
          >
            <div
              className="value"
            >
              0
            </div>
            <div
              className="valueText"
            >
              Won
            </div>
          </div>
        </div>
      </div>
      <div
        className="card"
      >
        <div
          className="iconCont"
        >
          <div
            className="icon"
          >
            <img
              src="[jest.find('../utils')]"
            />
          </div>
          <div
            className="countCont"
          >
            <div
              className="value"
            >
              0
            </div>
            <div
              className="valueText"
            >
              Lost
            </div>
          </div>
        </div>
      </div>
      <div
        className="card"
      >
        <div
          className="iconCont"
        >
          <div
            className="icon"
          >
            <img
              src="[jest.find('../utils')]"
            />
          </div>
          <div
            className="countCont"
          >
            <div
              className="value"
            >
              0
            </div>
            <div
              className="valueText"
            >
              Decline
            </div>
          </div>
        </div>
      </div>
    </div>
  </div>
</div>
`;
