// Jest Snapshot v1, https://goo.gl/fbAQLP

exports[`Table :  renders a snapshot of <Table /> with mockProps when loading is false 1`] = `
<div
  className="tableContainer"
>
  <table
    className="table"
  >
    <thead>
      <tr>
        <th>
          mockHeader1
        </th>
        <th>
          mockHeader2
        </th>
        <th>
          mockHeader3
        </th>
      </tr>
    </thead>
    <tbody
      className="t-body"
    >
      <tr>
        <td>
          0
        </td>
        <td>
          mockName
        </td>
        <td>
          mockDesc1
        </td>
        <td>
          mockDept1
        </td>
        <td>
          2022-01-20 10:26:44
        </td>
        <td>
          <div
            style={
              Object {
                "background": "#f7211622",
                "borderRadius": "5px",
                "textAlign": "center",
                "width": "50px",
              }
            }
          >
            <p
              style={
                Object {
                  "color": "#f5222d",
                }
              }
            >
              Open
            </p>
          </div>
        </td>
        <td>
          <svg
            className="horizButton"
            fill="currentColor"
            height="1em"
            onClick={[Function]}
            onMouseDown={[Function]}
            onTouchStart={[Function]}
            stroke="currentColor"
            strokeWidth="0"
            style={
              Object {
                "color": undefined,
              }
            }
            viewBox="0 0 512 512"
            width="1em"
            xmlns="http://www.w3.org/2000/svg"
          >
            <circle
              cx="256"
              cy="256"
              r="48"
            />
            <circle
              cx="416"
              cy="256"
              r="48"
            />
            <circle
              cx="96"
              cy="256"
              r="48"
            />
          </svg>
        </td>
      </tr>
      <tr>
        <td>
          0
        </td>
        <td>
          mockName2
        </td>
        <td>
          mockDesc2
        </td>
        <td>
          mockDept2
        </td>
        <td>
          2022-01-20 10:26:44
        </td>
        <td>
          <div
            style={
              Object {
                "background": "#f7211622",
                "borderRadius": "5px",
                "textAlign": "center",
                "width": "50px",
              }
            }
          >
            <p
              style={
                Object {
                  "color": "#f5222d",
                }
              }
            >
              Open
            </p>
          </div>
        </td>
        <td>
          <svg
            className="horizButton"
            fill="currentColor"
            height="1em"
            onClick={[Function]}
            onMouseDown={[Function]}
            onTouchStart={[Function]}
            stroke="currentColor"
            strokeWidth="0"
            style={
              Object {
                "color": undefined,
              }
            }
            viewBox="0 0 512 512"
            width="1em"
            xmlns="http://www.w3.org/2000/svg"
          >
            <circle
              cx="256"
              cy="256"
              r="48"
            />
            <circle
              cx="416"
              cy="256"
              r="48"
            />
            <circle
              cx="96"
              cy="256"
              r="48"
            />
          </svg>
        </td>
      </tr>
      <tr>
        <td>
          0
        </td>
        <td>
          mockName3
        </td>
        <td>
          mockDesc3
        </td>
        <td>
          mockDept3
        </td>
        <td>
          2022-01-20 10:26:44
        </td>
        <td>
          <div
            style={
              Object {
                "background": "#f7211622",
                "borderRadius": "5px",
                "textAlign": "center",
                "width": "50px",
              }
            }
          >
            <p
              style={
                Object {
                  "color": "#f5222d",
                }
              }
            >
              Open
            </p>
          </div>
        </td>
        <td>
          <svg
            className="horizButton"
            fill="currentColor"
            height="1em"
            onClick={[Function]}
            onMouseDown={[Function]}
            onTouchStart={[Function]}
            stroke="currentColor"
            strokeWidth="0"
            style={
              Object {
                "color": undefined,
              }
            }
            viewBox="0 0 512 512"
            width="1em"
            xmlns="http://www.w3.org/2000/svg"
          >
            <circle
              cx="256"
              cy="256"
              r="48"
            />
            <circle
              cx="416"
              cy="256"
              r="48"
            />
            <circle
              cx="96"
              cy="256"
              r="48"
            />
          </svg>
        </td>
      </tr>
    </tbody>
  </table>
</div>
`;

exports[`Table :  renders a snapshot of <Table /> with mockProps when loading is true 1`] = `
<div
  className="tableContainer"
>
  <table
    className="table"
  >
    <thead>
      <tr>
        <th>
          mockHeader1
        </th>
        <th>
          mockHeader2
        </th>
        <th>
          mockHeader3
        </th>
      </tr>
    </thead>
    <tbody
      className="t-body"
    >
      <tr>
        <td>
          0
        </td>
        <td>
          mockName
        </td>
        <td>
          mockDesc1
        </td>
        <td>
          mockDept1
        </td>
        <td>
          2022-01-20 10:26:44
        </td>
        <td>
          <div
            style={
              Object {
                "background": "#f7211622",
                "borderRadius": "5px",
                "textAlign": "center",
                "width": "50px",
              }
            }
          >
            <p
              style={
                Object {
                  "color": "#f5222d",
                }
              }
            >
              Open
            </p>
          </div>
        </td>
        <td>
          <svg
            className="horizButton"
            fill="currentColor"
            height="1em"
            onClick={[Function]}
            onMouseDown={[Function]}
            onTouchStart={[Function]}
            stroke="currentColor"
            strokeWidth="0"
            style={
              Object {
                "color": undefined,
              }
            }
            viewBox="0 0 512 512"
            width="1em"
            xmlns="http://www.w3.org/2000/svg"
          >
            <circle
              cx="256"
              cy="256"
              r="48"
            />
            <circle
              cx="416"
              cy="256"
              r="48"
            />
            <circle
              cx="96"
              cy="256"
              r="48"
            />
          </svg>
        </td>
      </tr>
      <tr>
        <td>
          0
        </td>
        <td>
          mockName2
        </td>
        <td>
          mockDesc2
        </td>
        <td>
          mockDept2
        </td>
        <td>
          2022-01-20 10:26:44
        </td>
        <td>
          <div
            style={
              Object {
                "background": "#f7211622",
                "borderRadius": "5px",
                "textAlign": "center",
                "width": "50px",
              }
            }
          >
            <p
              style={
                Object {
                  "color": "#f5222d",
                }
              }
            >
              Open
            </p>
          </div>
        </td>
        <td>
          <svg
            className="horizButton"
            fill="currentColor"
            height="1em"
            onClick={[Function]}
            onMouseDown={[Function]}
            onTouchStart={[Function]}
            stroke="currentColor"
            strokeWidth="0"
            style={
              Object {
                "color": undefined,
              }
            }
            viewBox="0 0 512 512"
            width="1em"
            xmlns="http://www.w3.org/2000/svg"
          >
            <circle
              cx="256"
              cy="256"
              r="48"
            />
            <circle
              cx="416"
              cy="256"
              r="48"
            />
            <circle
              cx="96"
              cy="256"
              r="48"
            />
          </svg>
        </td>
      </tr>
      <tr>
        <td>
          0
        </td>
        <td>
          mockName3
        </td>
        <td>
          mockDesc3
        </td>
        <td>
          mockDept3
        </td>
        <td>
          2022-01-20 10:26:44
        </td>
        <td>
          <div
            style={
              Object {
                "background": "#f7211622",
                "borderRadius": "5px",
                "textAlign": "center",
                "width": "50px",
              }
            }
          >
            <p
              style={
                Object {
                  "color": "#f5222d",
                }
              }
            >
              Open
            </p>
          </div>
        </td>
        <td>
          <svg
            className="horizButton"
            fill="currentColor"
            height="1em"
            onClick={[Function]}
            onMouseDown={[Function]}
            onTouchStart={[Function]}
            stroke="currentColor"
            strokeWidth="0"
            style={
              Object {
                "color": undefined,
              }
            }
            viewBox="0 0 512 512"
            width="1em"
            xmlns="http://www.w3.org/2000/svg"
          >
            <circle
              cx="256"
              cy="256"
              r="48"
            />
            <circle
              cx="416"
              cy="256"
              r="48"
            />
            <circle
              cx="96"
              cy="256"
              r="48"
            />
          </svg>
        </td>
      </tr>
    </tbody>
  </table>
</div>
`;
