// Jest Snapshot v1, https://goo.gl/fbAQLP

exports[`renders a snapshot of <NoNotifications /> 1`] = `
<div
  className="no__notifications"
>
  <img
    src="[jest.find('../utils')]"
  />
  <p>
    No notifications yet
  </p>
</div>
`;
