// Jest Snapshot v1, https://goo.gl/fbAQLP

exports[`renders a snapshot of <AsyncDataToCSV /> 1`] = `
Array [
  <div
    className="csvDataDownload"
  >
    <button
      className="ant-btn ant-btn-link"
      onClick={[Function]}
      type="button"
    >
      <span>
        Export data in CSV  
      </span>
      <svg
        fill="currentColor"
        height="1em"
        stroke="currentColor"
        strokeWidth="0"
        style={
          Object {
            "color": undefined,
          }
        }
        viewBox="0 0 16 16"
        width="1em"
        xmlns="http://www.w3.org/2000/svg"
      >
        <path
          d="M.5 9.9a.5.5 0 0 1 .5.5v2.5a1 1 0 0 0 1 1h12a1 1 0 0 0 1-1v-2.5a.5.5 0 0 1 1 0v2.5a2 2 0 0 1-2 2H2a2 2 0 0 1-2-2v-2.5a.5.5 0 0 1 .5-.5z"
        />
        <path
          d="M7.646 11.854a.5.5 0 0 0 .708 0l3-3a.5.5 0 0 0-.708-.708L8.5 10.293V1.5a.5.5 0 0 0-1 0v8.793L5.354 8.146a.5.5 0 1 0-.708.708l3 3z"
        />
      </svg>
    </button>
  </div>,
  <a
    download="undefined.csv"
    href="data:text/csv;charset=utf-8,﻿"
    onClick={[Function]}
    target="_self"
  />,
]
`;
