// Jest Snapshot v1, https://goo.gl/fbAQLP

exports[`renders a snapshot of <Buyer/> tab 1`] = `
<div
  className="tabContainer"
>
  <h3
    className="title"
  >
    Buyer
  </h3>
  <div
    className="ant-collapse ant-collapse-borderless ant-collapse-icon-position-right"
    role={null}
  >
    <div
      className="ant-collapse-item ant-collapse-item-active panelHeader"
    >
      <div
        aria-expanded={true}
        className="ant-collapse-header"
        onClick={[Function]}
        onKeyPress={[Function]}
        role="button"
        tabIndex={0}
      >
        <div>
          <span
            aria-label="right"
            className="anticon anticon-right ant-collapse-arrow"
            role="img"
          >
            <svg
              aria-hidden="true"
              data-icon="right"
              fill="currentColor"
              focusable="false"
              height="1em"
              style={
                Object {
                  "msTransform": "rotate(90deg)",
                  "transform": "rotate(90deg)",
                }
              }
              viewBox="64 64 896 896"
              width="1em"
            >
              <path
                d="M765.7 486.8L314.9 134.7A7.97 7.97 0 00302 141v77.3c0 4.9 2.3 9.6 6.1 12.6l360 281.1-360 281.1c-3.9 3-6.1 7.7-6.1 12.6V883c0 6.7 7.7 10.4 12.9 6.3l450.8-352.1a31.96 31.96 0 000-50.4z"
              />
            </svg>
          </span>
        </div>
        If the product bought is not genuine, can I get a refund?
      </div>
      <div
        className="ant-collapse-content ant-collapse-content-active"
        role={null}
      >
        <div
          className="ant-collapse-content-box"
        >
          <div
            className="answer"
          >
            Yes, you can request a refund within 30 days of purchase if the product has a refund policy attached.
        
          </div>
        </div>
      </div>
    </div>
    <div
      className="ant-collapse-item panelHeader"
    >
      <div
        aria-expanded={false}
        className="ant-collapse-header"
        onClick={[Function]}
        onKeyPress={[Function]}
        role="button"
        tabIndex={0}
      >
        <div>
          <span
            aria-label="right"
            className="anticon anticon-right ant-collapse-arrow"
            role="img"
          >
            <svg
              aria-hidden="true"
              data-icon="right"
              fill="currentColor"
              focusable="false"
              height="1em"
              viewBox="64 64 896 896"
              width="1em"
            >
              <path
                d="M765.7 486.8L314.9 134.7A7.97 7.97 0 00302 141v77.3c0 4.9 2.3 9.6 6.1 12.6l360 281.1-360 281.1c-3.9 3-6.1 7.7-6.1 12.6V883c0 6.7 7.7 10.4 12.9 6.3l450.8-352.1a31.96 31.96 0 000-50.4z"
              />
            </svg>
          </span>
        </div>
        How do I request a refund if I donâ€™t want a product I bought anymore?
      </div>
    </div>
    <div
      className="ant-collapse-item panelHeader"
    >
      <div
        aria-expanded={false}
        className="ant-collapse-header"
        onClick={[Function]}
        onKeyPress={[Function]}
        role="button"
        tabIndex={0}
      >
        <div>
          <span
            aria-label="right"
            className="anticon anticon-right ant-collapse-arrow"
            role="img"
          >
            <svg
              aria-hidden="true"
              data-icon="right"
              fill="currentColor"
              focusable="false"
              height="1em"
              viewBox="64 64 896 896"
              width="1em"
            >
              <path
                d="M765.7 486.8L314.9 134.7A7.97 7.97 0 00302 141v77.3c0 4.9 2.3 9.6 6.1 12.6l360 281.1-360 281.1c-3.9 3-6.1 7.7-6.1 12.6V883c0 6.7 7.7 10.4 12.9 6.3l450.8-352.1a31.96 31.96 0 000-50.4z"
              />
            </svg>
          </span>
        </div>
        How safe is it to make payment with my card on your website?
      </div>
    </div>
    <div
      className="ant-collapse-item panelHeader"
    >
      <div
        aria-expanded={false}
        className="ant-collapse-header"
        onClick={[Function]}
        onKeyPress={[Function]}
        role="button"
        tabIndex={0}
      >
        <div>
          <span
            aria-label="right"
            className="anticon anticon-right ant-collapse-arrow"
            role="img"
          >
            <svg
              aria-hidden="true"
              data-icon="right"
              fill="currentColor"
              focusable="false"
              height="1em"
              viewBox="64 64 896 896"
              width="1em"
            >
              <path
                d="M765.7 486.8L314.9 134.7A7.97 7.97 0 00302 141v77.3c0 4.9 2.3 9.6 6.1 12.6l360 281.1-360 281.1c-3.9 3-6.1 7.7-6.1 12.6V883c0 6.7 7.7 10.4 12.9 6.3l450.8-352.1a31.96 31.96 0 000-50.4z"
              />
            </svg>
          </span>
        </div>
        How does the bank transfer payment option work?
      </div>
    </div>
    <div
      className="ant-collapse-item panelHeader"
    >
      <div
        aria-expanded={false}
        className="ant-collapse-header"
        onClick={[Function]}
        onKeyPress={[Function]}
        role="button"
        tabIndex={0}
      >
        <div>
          <span
            aria-label="right"
            className="anticon anticon-right ant-collapse-arrow"
            role="img"
          >
            <svg
              aria-hidden="true"
              data-icon="right"
              fill="currentColor"
              focusable="false"
              height="1em"
              viewBox="64 64 896 896"
              width="1em"
            >
              <path
                d="M765.7 486.8L314.9 134.7A7.97 7.97 0 00302 141v77.3c0 4.9 2.3 9.6 6.1 12.6l360 281.1-360 281.1c-3.9 3-6.1 7.7-6.1 12.6V883c0 6.7 7.7 10.4 12.9 6.3l450.8-352.1a31.96 31.96 0 000-50.4z"
              />
            </svg>
          </span>
        </div>
        How am I sure about the quality of products on your platform?
      </div>
    </div>
    <div
      className="ant-collapse-item panelHeader"
    >
      <div
        aria-expanded={false}
        className="ant-collapse-header"
        onClick={[Function]}
        onKeyPress={[Function]}
        role="button"
        tabIndex={0}
      >
        <div>
          <span
            aria-label="right"
            className="anticon anticon-right ant-collapse-arrow"
            role="img"
          >
            <svg
              aria-hidden="true"
              data-icon="right"
              fill="currentColor"
              focusable="false"
              height="1em"
              viewBox="64 64 896 896"
              width="1em"
            >
              <path
                d="M765.7 486.8L314.9 134.7A7.97 7.97 0 00302 141v77.3c0 4.9 2.3 9.6 6.1 12.6l360 281.1-360 281.1c-3.9 3-6.1 7.7-6.1 12.6V883c0 6.7 7.7 10.4 12.9 6.3l450.8-352.1a31.96 31.96 0 000-50.4z"
              />
            </svg>
          </span>
        </div>
        How do I download a product I paid for?
      </div>
    </div>
    <div
      className="ant-collapse-item panelHeader"
    >
      <div
        aria-expanded={false}
        className="ant-collapse-header"
        onClick={[Function]}
        onKeyPress={[Function]}
        role="button"
        tabIndex={0}
      >
        <div>
          <span
            aria-label="right"
            className="anticon anticon-right ant-collapse-arrow"
            role="img"
          >
            <svg
              aria-hidden="true"
              data-icon="right"
              fill="currentColor"
              focusable="false"
              height="1em"
              viewBox="64 64 896 896"
              width="1em"
            >
              <path
                d="M765.7 486.8L314.9 134.7A7.97 7.97 0 00302 141v77.3c0 4.9 2.3 9.6 6.1 12.6l360 281.1-360 281.1c-3.9 3-6.1 7.7-6.1 12.6V883c0 6.7 7.7 10.4 12.9 6.3l450.8-352.1a31.96 31.96 0 000-50.4z"
              />
            </svg>
          </span>
        </div>
        I just bought a product on Kreatesell, can I also sell a product I own?
      </div>
    </div>
  </div>
</div>
`;
