// Jest Snapshot v1, https://goo.gl/fbAQLP

exports[`renders a snapshot of <ContentUpload /> with mock props 1`] = `
<div
  className="pt-2"
>
  <p
    className="text-base-gray-200 text-xs mb-0"
  >
    You can upload Audio, Video or PDF Files
  </p>
  <small
    className="text-black mb-4 font-normal"
  >
    The maximum allowed file size is 750MB.
  </small>
  <div
    className="fileUploader"
  >
    <span />
    <div
      className="contentFileUpload contentFileUploadDisabled"
      onBlur={[Function]}
      onClick={[Function]}
      onDragEnter={[Function]}
      onDragLeave={[Function]}
      onDragOver={[Function]}
      onDrop={[Function]}
      onFocus={[Function]}
      onKeyDown={[Function]}
      tabIndex={0}
    >
      <div
        className="flex justify-center items-center"
      >
        <input
          accept="audio/*,video/*,application/pdf/*"
          autoComplete="off"
          multiple={true}
          onChange={[Function]}
          onClick={[Function]}
          style={
            Object {
              "display": "none",
            }
          }
          tabIndex={-1}
          type="file"
        />
        <img
          src="[jest.find('../utils')]"
        />
        <p
          className="hidden md:block text-sm pl-4 my-auto"
        >
          Drag and Drop or Click to Upload Your Product File
        </p>
        <p
          className="md:hidden text-primary-blue text-sm pl-4 my-auto"
        >
          Drag & Drop Or Click to Upload Your Product File
        </p>
      </div>
    </div>
  </div>
</div>
`;
